// Jest Snapshot v1, https://goo.gl/fbAQLP

exports[`Products Component Should render correctly with no props 1`] = `
<ContextProvider
  value={null}
>
  <Products
    dispatch={[Function]}
    products={
      Object {
        "fullSizeImage": Array [],
        "maxQty": 1,
        "meta": Object {},
        "product": Object {
          "category": "",
          "default_price": 0,
          "description": "",
          "name": "",
        },
        "products": Array [],
        "qtyNSize": Array [
          Object {
            "id": Object {
              "quantity": 0,
              "size": "",
            },
          },
        ],
        "saleOrDefaultPrice": Object {
          "name": "",
          "price": 0,
          "sale": 0,
        },
        "saleOrNot": Array [
          Object {
            "name": "",
            "price": 0,
            "sale": 0,
          },
        ],
        "selected": null,
        "styleImageArr": Array [
          Object {
            "fullSizeImage": Array [],
            "name": "",
            "thumbNailImages": Array [],
          },
        ],
        "styles": Array [],
        "thumbNailImages": Array [],
      }
    }
    store={
      Object {
        "dispatch": [Function],
        "getState": [Function],
        "replaceReducer": [Function],
        "subscribe": [Function],
        Symbol(observable): [Function],
      }
    }
  />
</ContextProvider>
`;
